
LENOVO@NITHYASHREE MINGW64 /d/CodesAndProjects/WorkSpace
$ ls
Profile_Rest_Api/

LENOVO@NITHYASHREE MINGW64 /d/CodesAndProjects/WorkSpace
$ ^C

LENOVO@NITHYASHREE MINGW64 /d/CodesAndProjects/WorkSpace
$ cd Profile_Rest_Api

LENOVO@NITHYASHREE MINGW64 /d/CodesAndProjects/WorkSpace/Profile_Rest_Api (master)
$ git init
Reinitialized existing Git repository in D:/CodesAndProjects/WorkSpace/Profile_Rest_Api/.git/

LENOVO@NITHYASHREE MINGW64 /d/CodesAndProjects/WorkSpace/Profile_Rest_Api (master)
$ git add
Nothing specified, nothing added.
hint: Maybe you wanted to say 'git add .'?
hint: Turn this message off by running
hint: "git config advice.addEmptyPathspec false"

LENOVO@NITHYASHREE MINGW64 /d/CodesAndProjects/WorkSpace/Profile_Rest_Api (master)
$ git add .

LENOVO@NITHYASHREE MINGW64 /d/CodesAndProjects/WorkSpace/Profile_Rest_Api (master)
$  git commit -am "initial commit"
[master (root-commit) d6fae0b] initial commit
 3 files changed, 165 insertions(+)
 create mode 100644 .gitignore
 create mode 100644 License
 create mode 100644 readme.md

LENOVO@NITHYASHREE MINGW64 /d/CodesAndProjects/WorkSpace/Profile_Rest_Api (master)
$ ls
License  readme.md

LENOVO@NITHYASHREE MINGW64 /d/CodesAndProjects/WorkSpace/Profile_Rest_Api (master)
$ ls ~/.ssh
ls: cannot access '/c/Users/LENOVO/.ssh': No such file or directory

LENOVO@NITHYASHREE MINGW64 /d/CodesAndProjects/WorkSpace/Profile_Rest_Api (master)
$ ssh-keygen -t rsa -b 4096 -C "sanjaynithi0@gmail.com"
Generating public/private rsa key pair.
Enter file in which to save the key (/c/Users/LENOVO/.ssh/id_rsa):
Created directory '/c/Users/LENOVO/.ssh'.
Enter passphrase (empty for no passphrase):
Enter same passphrase again:
Your identification has been saved in /c/Users/LENOVO/.ssh/id_rsa
Your public key has been saved in /c/Users/LENOVO/.ssh/id_rsa.pub
The key fingerprint is:
SHA256:jUEbCh9su1lSY/BxolgOzvd/rUtnlT0VcWsnKGgLmGs sanjaynithi0@gmail.com
The key's randomart image is:
+---[RSA 4096]----+
|    o.+.= .    oo|
|   o Xo*+B   .  +|
|    *.B+*.. . .oo|
|     oo+.= .  ..=|
|    E  =S .    oo|
|   .  o  .   . ..|
|          . o +  |
|           o +   |
|            o.   |
+----[SHA256]-----+

LENOVO@NITHYASHREE MINGW64 /d/CodesAndProjects/WorkSpace/Profile_Rest_Api (master)
$ ls ~/.ssh
id_rsa  id_rsa.pub

LENOVO@NITHYASHREE MINGW64 /d/CodesAndProjects/WorkSpace/Profile_Rest_Api (master)
$ cat ~/.ssh/id_rsa.pub
ssh-rsa AAAAB3NzaC1yc2EAAAADAQABAAACAQDnOgquMIx/2ojtP2tYGlNwpRRxiMIo1doyEgw8qlk7jNGyw/t/TQ1gemLHQE+yeDjiFBZQmn3Vc8AZtVrY+81OtAEaT3cBdneOFWl3Di5t6aqRFOBt/iXTjR1/3eOuYaHyd59lWhZIwb8XIqkX1bXh6yJKqoMCAiW5r2jPIHVdjzIMjE6DPh+B2CciEwA0zr2B6L5fIHfzsgWsYd2OrRLYbWL4lgxwckGRCSWY951zjK86v1Oy5+pII3UKyq/WPvp5s77t8pJCFMq2jvnFGZNwDGZ1ylzl89neHVwm+UicdrkdsEsbGdY+GrauPVATuCTNgqHzNhH1JAsXSbmmjGcSqoyAlCas9Hn1hZ7ek3onEzEqbW4ZlLjQpRtgJp/auDWHwpN/IZ0LqEYMc5M/u3yK+e5gw2w5Om0P4Le2GBRdEepmMSPI1HZNFqKgcWpjd8D3Qbz7AshbuxBpyH/KoLmDnxx4ZnRTe2ZvSw11rCt0QQP3NEeXKTt1rCbs5YoYlSFKHkDhHyGBI7++fvoAR55EpyzH2+OUorCI1U7NgI7mMwAgkHG5gJR0suUffLJx0R/l3id8hxenAskF5FDjk5doUURN1b+2GXWOc8fuu7f2gj09U6mHHbD9C7hOcSwuFRDt84xAQOWII3z9PQeixKkE1LwRqqYDD/UHb4ey2XyO3w== sanjaynithi0@gmail.com

LENOVO@NITHYASHREE MINGW64 /d/CodesAndProjects/WorkSpace/Profile_Rest_Api (master)
$ ^C

LENOVO@NITHYASHREE MINGW64 /d/CodesAndProjects/WorkSpace/Profile_Rest_Api (master)
$ ^C

LENOVO@NITHYASHREE MINGW64 /d/CodesAndProjects/WorkSpace/Profile_Rest_Api (master)
$ ^C




LENOVO@NITHYASHREE MINGW64 /d/CodesAndProjects/WorkSpace/Profile_Rest_Api (master)
$ ^C

LENOVO@NITHYASHREE MINGW64 /d/CodesAndProjects/WorkSpace/Profile_Rest_Api (master)
$ git remote add origin https://github.com/sanjayadhi/Pofile_REST_API.git

LENOVO@NITHYASHREE MINGW64 /d/CodesAndProjects/WorkSpace/Profile_Rest_Api (master)
$ git push -u origin main
error: src refspec main does not match any
error: failed to push some refs to 'https://github.com/sanjayadhi/Pofile_REST_API.git'

LENOVO@NITHYASHREE MINGW64 /d/CodesAndProjects/WorkSpace/Profile_Rest_Api (master)
$ git branch -M main

LENOVO@NITHYASHREE MINGW64 /d/CodesAndProjects/WorkSpace/Profile_Rest_Api (main)
$ git push -u origin main
Enumerating objects: 5, done.
Counting objects: 100% (5/5), done.
Delta compression using up to 2 threads
Compressing objects: 100% (3/3), done.
Writing objects: 100% (5/5), 1.61 KiB | 548.00 KiB/s, done.
Total 5 (delta 0), reused 0 (delta 0), pack-reused 0
To https://github.com/sanjayadhi/Pofile_REST_API.git
 * [new branch]      main -> main
Branch 'main' set up to track remote branch 'main' from 'origin'.

LENOVO@NITHYASHREE MINGW64 /d/CodesAndProjects/WorkSpace/Profile_Rest_Api (main)
$ vagrant init ubuntu/bionic64
A `Vagrantfile` has been placed in this directory. You are now
ready to `vagrant up` your first virtual environment! Please read
the comments in the Vagrantfile as well as documentation on
`vagrantup.com` for more information on using Vagrant.

LENOVO@NITHYASHREE MINGW64 /d/CodesAndProjects/WorkSpace/Profile_Rest_Api (main)
$ vagrant up
Bringing machine 'default' up with 'virtualbox' provider...
==> default: Box 'ubuntu/bionic64' could not be found. Attempting to find and install...
    default: Box Provider: virtualbox
    default: Box Version: ~> 20200304.0.0
==> default: Loading metadata for box 'ubuntu/bionic64'
    default: URL: https://vagrantcloud.com/ubuntu/bionic64
==> default: Adding box 'ubuntu/bionic64' (v20200304.0.0) for provider: virtualbox
    default: Downloading: https://vagrantcloud.com/ubuntu/boxes/bionic64/versions/20200304.0.0/providers/virtualbox.box
Download redirected to host: cloud-images.ubuntu.com
    default:
==> default: Successfully added box 'ubuntu/bionic64' (v20200304.0.0) for 'virtualbox'!
==> default: Importing base box 'ubuntu/bionic64'...
==> default: Matching MAC address for NAT networking...
==> default: Checking if box 'ubuntu/bionic64' version '20200304.0.0' is up to date...
==> default: Setting the name of the VM: Profile_Rest_Api_default_1618334255293_29350
Vagrant is currently configured to create VirtualBox synced folders with
the `SharedFoldersEnableSymlinksCreate` option enabled. If the Vagrant
guest is not trusted, you may want to disable this option. For more
information on this option, please refer to the VirtualBox manual:

  https://www.virtualbox.org/manual/ch04.html#sharedfolders

This option can be disabled globally with an environment variable:

  VAGRANT_DISABLE_VBOXSYMLINKCREATE=1

or on a per folder basis within the Vagrantfile:

  config.vm.synced_folder '/host/path', '/guest/path', SharedFoldersEnableSymlinksCreate: false
==> default: Clearing any previously set network interfaces...
==> default: Preparing network interfaces based on configuration...
    default: Adapter 1: nat
==> default: Forwarding ports...
    default: 8000 (guest) => 8000 (host) (adapter 1)
    default: 22 (guest) => 2222 (host) (adapter 1)
==> default: Running 'pre-boot' VM customizations...
==> default: Booting VM...
==> default: Waiting for machine to boot. This may take a few minutes...
    default: SSH address: 127.0.0.1:2222
    default: SSH username: vagrant
    default: SSH auth method: private key
    default: Warning: Connection reset. Retrying...
    default: Warning: Connection aborted. Retrying...
    default: Warning: Connection aborted. Retrying...
    default:
    default: Vagrant insecure key detected. Vagrant will automatically replace
    default: this with a newly generated keypair for better security.
    default:
    default: Inserting generated public key within guest...
    default: Removing insecure key from the guest if it's present...
    default: Key inserted! Disconnecting and reconnecting using new SSH key...
==> default: Machine booted and ready!
==> default: Checking for guest additions in VM...
    default: The guest additions on this VM do not match the installed version of
    default: VirtualBox! In most cases this is fine, but in rare cases it can
    default: prevent things such as shared folders from working properly. If you see
    default: shared folder errors, please make sure the guest additions within the
    default: virtual machine match the version of VirtualBox you have installed on
    default: your host and reload your VM.
    default:
    default: Guest Additions Version: 5.2.42
    default: VirtualBox Version: 6.1
==> default: Mounting shared folders...
    default: /vagrant => D:/CodesAndProjects/WorkSpace/Profile_Rest_Api
==> default: Running provisioner: shell...
    default: Running: inline script
    default: Removed /etc/systemd/system/timers.target.wants/apt-daily.timer.
    default: Hit:1 http://archive.ubuntu.com/ubuntu bionic InRelease
    default: Get:2 http://security.ubuntu.com/ubuntu bionic-security InRelease [88.7 kB]
    default: Get:3 http://archive.ubuntu.com/ubuntu bionic-updates InRelease [88.7 kB]
    default: Get:4 http://archive.ubuntu.com/ubuntu bionic-backports InRelease [74.6 kB]
    default: Get:5 http://archive.ubuntu.com/ubuntu bionic/universe amd64 Packages [8570 kB]
    default: Get:6 http://security.ubuntu.com/ubuntu bionic-security/main amd64 Packages [1664 kB]
    default: Get:7 http://security.ubuntu.com/ubuntu bionic-security/main Translation-en [314 kB]
    default: Get:8 http://security.ubuntu.com/ubuntu bionic-security/restricted amd64 Packages [283 kB]
    default: Get:9 http://security.ubuntu.com/ubuntu bionic-security/restricted Translation-en [37.7 kB]
    default: Get:10 http://security.ubuntu.com/ubuntu bionic-security/universe amd64 Packages [1119 kB]
    default: Get:11 http://security.ubuntu.com/ubuntu bionic-security/universe Translation-en [252 kB]
    default: Get:12 http://security.ubuntu.com/ubuntu bionic-security/multiverse amd64 Packages [19.1 kB]
    default: Get:13 http://security.ubuntu.com/ubuntu bionic-security/multiverse Translation-en [4412 B]
    default: Get:14 http://archive.ubuntu.com/ubuntu bionic/universe Translation-en [4941 kB]
    default: Get:15 http://archive.ubuntu.com/ubuntu bionic/multiverse amd64 Packages [151 kB]
    default: Get:16 http://archive.ubuntu.com/ubuntu bionic/multiverse Translation-en [108 kB]
    default: Get:17 http://archive.ubuntu.com/ubuntu bionic-updates/main amd64 Packages [2006 kB]
    default: Get:18 http://archive.ubuntu.com/ubuntu bionic-updates/main Translation-en [406 kB]
    default: Get:19 http://archive.ubuntu.com/ubuntu bionic-updates/restricted amd64 Packages [305 kB]
    default: Get:20 http://archive.ubuntu.com/ubuntu bionic-updates/restricted Translation-en [41.3 kB]
    default: Get:21 http://archive.ubuntu.com/ubuntu bionic-updates/universe amd64 Packages [1729 kB]
    default: Get:22 http://archive.ubuntu.com/ubuntu bionic-updates/universe Translation-en [367 kB]
    default: Get:23 http://archive.ubuntu.com/ubuntu bionic-updates/multiverse amd64 Packages [24.9 kB]
    default: Get:24 http://archive.ubuntu.com/ubuntu bionic-updates/multiverse Translation-en [6464 B]
    default: Get:25 http://archive.ubuntu.com/ubuntu bionic-backports/main amd64 Packages [10.0 kB]
    default: Get:26 http://archive.ubuntu.com/ubuntu bionic-backports/main Translation-en [4764 B]
    default: Get:27 http://archive.ubuntu.com/ubuntu bionic-backports/universe amd64 Packages [10.3 kB]
    default: Get:28 http://archive.ubuntu.com/ubuntu bionic-backports/universe Translation-en [4588 B]
    default: Fetched 22.6 MB in 52s (439 kB/s)
    default: Reading package lists...
    default: Reading package lists...
    default: Building dependency tree...
    default:
    default: Reading state information...
    default: The following additional packages will be installed:
    default:   python-pip-whl python3-distutils python3-lib2to3 python3.6-venv unzip
    default: The following NEW packages will be installed:
    default:   python-pip-whl python3-distutils python3-lib2to3 python3-venv python3.6-venv
    default:   unzip zip
    default: 0 upgraded, 7 newly installed, 0 to remove and 3 not upgraded.
    default: Need to get 2217 kB of archives.
    default: After this operation, 6249 kB of additional disk space will be used.
    default: Get:1 http://archive.ubuntu.com/ubuntu bionic-updates/universe amd64 python-pip-whl all 9.0.1-2.3~ubuntu1.18.04.4 [1653 kB]
    default: Get:2 http://archive.ubuntu.com/ubuntu bionic-updates/main amd64 python3-lib2to3 all 3.6.9-1~18.04 [77.4 kB]
    default: Get:3 http://archive.ubuntu.com/ubuntu bionic-updates/main amd64 python3-distutils all 3.6.9-1~18.04 [144 kB]
    default: Get:4 http://archive.ubuntu.com/ubuntu bionic-updates/universe amd64 python3.6-venv amd64 3.6.9-1~18.04ubuntu1.4 [6188 B]
    default: Get:5 http://archive.ubuntu.com/ubuntu bionic-updates/universe amd64 python3-venv amd64 3.6.7-1~18.04 [1208 B]
    default: Get:6 http://archive.ubuntu.com/ubuntu bionic-updates/main amd64 unzip amd64 6.0-21ubuntu1.1 [168 kB]
    default: Get:7 http://archive.ubuntu.com/ubuntu bionic/main amd64 zip amd64 3.0-11build1 [167 kB]
    default: dpkg-preconfigure: unable to re-open stdin: No such file or directory
    default: Fetched 2217 kB in 7s (333 kB/s)
    default: Selecting previously unselected package python-pip-whl.
    default: (Reading database ...
(Reading database ... 55%abase ... 5%
    default: (Reading database ... 60%
    default: (Reading database ... 65%
    default: (Reading database ... 70%
    default: (Reading database ... 75%
    default: (Reading database ... 80%
    default: (Reading database ... 85%
    default: (Reading database ... 90%
    default: (Reading database ... 95%
(Reading database ... 59847 files and directories currently installed.)
    default: Preparing to unpack .../0-python-pip-whl_9.0.1-2.3~ubuntu1.18.04.4_all.deb ...
    default: Unpacking python-pip-whl (9.0.1-2.3~ubuntu1.18.04.4) ...
    default: Selecting previously unselected package python3-lib2to3.
    default: Preparing to unpack .../1-python3-lib2to3_3.6.9-1~18.04_all.deb ...
    default: Unpacking python3-lib2to3 (3.6.9-1~18.04) ...
    default: Selecting previously unselected package python3-distutils.
    default: Preparing to unpack .../2-python3-distutils_3.6.9-1~18.04_all.deb ...
    default: Unpacking python3-distutils (3.6.9-1~18.04) ...
    default: Selecting previously unselected package python3.6-venv.
    default: Preparing to unpack .../3-python3.6-venv_3.6.9-1~18.04ubuntu1.4_amd64.deb ...
    default: Unpacking python3.6-venv (3.6.9-1~18.04ubuntu1.4) ...
    default: Selecting previously unselected package python3-venv.
    default: Preparing to unpack .../4-python3-venv_3.6.7-1~18.04_amd64.deb ...
    default: Unpacking python3-venv (3.6.7-1~18.04) ...
    default: Selecting previously unselected package unzip.
    default: Preparing to unpack .../5-unzip_6.0-21ubuntu1.1_amd64.deb ...
    default: Unpacking unzip (6.0-21ubuntu1.1) ...
    default: Selecting previously unselected package zip.
    default: Preparing to unpack .../6-zip_3.0-11build1_amd64.deb ...
    default: Unpacking zip (3.0-11build1) ...
    default: Setting up python-pip-whl (9.0.1-2.3~ubuntu1.18.04.4) ...
    default: Setting up unzip (6.0-21ubuntu1.1) ...
    default: Setting up python3.6-venv (3.6.9-1~18.04ubuntu1.4) ...
    default: Setting up zip (3.0-11build1) ...
    default: Setting up python3-lib2to3 (3.6.9-1~18.04) ...
    default: Setting up python3-distutils (3.6.9-1~18.04) ...
    default: Setting up python3-venv (3.6.7-1~18.04) ...
    default: Processing triggers for man-db (2.8.3-2ubuntu0.1) ...
    default: Processing triggers for mime-support (3.60ubuntu1) ...

LENOVO@NITHYASHREE MINGW64 /d/CodesAndProjects/WorkSpace/Profile_Rest_Api (main)
$ vagrant ssh
Welcome to Ubuntu 18.04.5 LTS (GNU/Linux 4.15.0-141-generic x86_64)

 * Documentation:  https://help.ubuntu.com
 * Management:     https://landscape.canonical.com
 * Support:        https://ubuntu.com/advantage

  System information as of Tue Apr 13 17:22:46 UTC 2021

  System load:  0.23              Processes:             106
  Usage of /:   3.1% of 38.71GB   Users logged in:       0
  Memory usage: 14%               IP address for enp0s3: 10.0.2.15
  Swap usage:   0%


4 packages can be updated.
2 of these updates are security updates.
To see these additional updates run: apt list --upgradable

New release '20.04.2 LTS' available.
Run 'do-release-upgrade' to upgrade to it.


vagrant@ubuntu-bionic:~$ cd /vagrant
vagrant@ubuntu-bionic:/vagrant$ touch test.txt
vagrant@ubuntu-bionic:/vagrant$ ls
License  Vagrantfile  readme.md  test.txt  ubuntu-bionic-18.04-cloudimg-console.log
vagrant@ubuntu-bionic:/vagrant$ ls
License  Vagrantfile  readme.md  ubuntu-bionic-18.04-cloudimg-console.log
vagrant@ubuntu-bionic:/vagrant$ ls
License  Vagrantfile  helloworld.py  readme.md  ubuntu-bionic-18.04-cloudimg-console.log
vagrant@ubuntu-bionic:/vagrant$ ls
License  Vagrantfile  helloworld.py  readme.md  ubuntu-bionic-18.04-cloudimg-console.log
vagrant@ubuntu-bionic:/vagrant$ pyhton helloworld.py

Command 'pyhton' not found, did you mean:

  command 'python' from deb python3
  command 'python' from deb python
  command 'python' from deb python-minimal

Try: apt install <deb name>

vagrant@ubuntu-bionic:/vagrant$ python helloworld.py
hello world
